--- 
recorded_with: VCR 2.4.0
http_interactions: 
- request: 
    method: get
    uri: https://admin-dev.mailroute.net/api/v1/domain/4554/
    body: 
      string: ""
    headers: 
      Accept: 
      - application/json
      Accept-Encoding: 
      - identity
      Authorization: 
      - ApiKey blablablablabla@example.com:5f64xxxxxxxxxxxxxxxxxxxxxxxxxxxxxxxx8262
      User-Agent: 
      - Ruby
  response: 
    status: 
      code: 200
      message: OK
    headers: 
      Server: 
      - nginx/1.2.6
      Connection: 
      - keep-alive
      Vary: 
      - Accept, Cookie
      - Accept-Encoding
      Cache-Control: 
      - no-cache
      Content-Type: 
      - application/json; charset=utf-8
      Date: 
      - Mon, 18 Mar 2013 17:54:41 GMT
      Transfer-Encoding: 
      - chunked
    body: 
      string: "{\"absolute_url\": \"/domain/4554/\", \"active\": false, \"created_at\": \"Sun, 17 Mar 2013 08:14:41 -0700\", \"customer\": \"/api/v1/customer/1300/\", \"deliveryport\": 240, \"hold_email\": false, \"id\": 4554, \"name\": \"uberapp.example.com\", \"notification_task\": \"/api/v1/notification_domain_task/57796/\", \"outbound_enabled\": false, \"policy\": \"/api/v1/policy_domain/57863/\", \"resource_uri\": \"/api/v1/domain/4554/\", \"updated_at\": \"Sun, 17 Mar 2013 12:44:02 -0700\", \"userlist_complete\": true}"
    http_version: 
  recorded_at: Mon, 18 Mar 2013 17:54:41 GMT
- request: 
    method: get
    uri: https://admin-dev.mailroute.net/api/v1/outbound_server/?domain=4554
    body: 
      string: ""
    headers: 
      Accept: 
      - application/json
      Accept-Encoding: 
      - identity
      Authorization: 
      - ApiKey blablablablabla@example.com:5f64xxxxxxxxxxxxxxxxxxxxxxxxxxxxxxxx8262
      User-Agent: 
      - Ruby
  response: 
    status: 
      code: 200
      message: OK
    headers: 
      Server: 
      - nginx/1.2.6
      Connection: 
      - keep-alive
      Vary: 
      - Accept, Cookie
      - Accept-Encoding
      Cache-Control: 
      - no-cache
      Content-Type: 
      - application/json; charset=utf-8
      Date: 
      - Mon, 18 Mar 2013 17:54:43 GMT
      Transfer-Encoding: 
      - chunked
    body: 
      string: "{\"meta\": {\"limit\": 20, \"next\": null, \"offset\": 0, \"previous\": null, \"total_count\": 0}, \"objects\": []}"
    http_version: 
  recorded_at: Mon, 18 Mar 2013 17:54:44 GMT
- request: 
    method: post
    uri: https://admin-dev.mailroute.net/api/v1/outbound_server/
    body: 
      string: "{\"domain\":\"/api/v1/domain/4554/\",\"server\":\"1.0.2.3\"}"
    headers: 
      Accept: 
      - "*/*"
      Accept-Encoding: 
      - identity
      Content-Type: 
      - application/json
      Authorization: 
      - ApiKey blablablablabla@example.com:5f64xxxxxxxxxxxxxxxxxxxxxxxxxxxxxxxx8262
      User-Agent: 
      - Ruby
  response: 
    status: 
      code: 201
      message: CREATED
    headers: 
      Server: 
      - nginx/1.2.6
      Connection: 
      - keep-alive
      Vary: 
      - Accept, Cookie
      Content-Type: 
      - application/json; charset=utf-8
      Date: 
      - Mon, 18 Mar 2013 17:54:45 GMT
      Location: 
      - https://admin-dev.mailroute.net/api/v1/outbound_server/826/
      Transfer-Encoding: 
      - chunked
    body: 
      string: "{\"created_at\": \"Mon, 18 Mar 2013 10:54:45 -0700\", \"domain\": \"/api/v1/domain/4554/\", \"id\": 826, \"resource_uri\": \"/api/v1/outbound_server/826/\", \"server\": \"1.0.2.3\", \"updated_at\": \"Mon, 18 Mar 2013 10:54:45 -0700\"}"
    http_version: 
  recorded_at: Mon, 18 Mar 2013 17:54:45 GMT
- request: 
    method: post
    uri: https://admin-dev.mailroute.net/api/v1/outbound_server/
    body: 
      string: "{\"domain\":\"/api/v1/domain/4554/\",\"server\":\"10.11.12.13\"}"
    headers: 
      Accept: 
      - "*/*"
      Accept-Encoding: 
      - identity
      Content-Type: 
      - application/json
      Authorization: 
      - ApiKey blablablablabla@example.com:5f64xxxxxxxxxxxxxxxxxxxxxxxxxxxxxxxx8262
      User-Agent: 
      - Ruby
  response: 
    status: 
      code: 201
      message: CREATED
    headers: 
      Server: 
      - nginx/1.2.6
      Connection: 
      - keep-alive
      Vary: 
      - Accept, Cookie
      Content-Type: 
      - application/json; charset=utf-8
      Date: 
      - Mon, 18 Mar 2013 17:54:47 GMT
      Location: 
      - https://admin-dev.mailroute.net/api/v1/outbound_server/827/
      Transfer-Encoding: 
      - chunked
    body: 
      string: "{\"created_at\": \"Mon, 18 Mar 2013 10:54:47 -0700\", \"domain\": \"/api/v1/domain/4554/\", \"id\": 827, \"resource_uri\": \"/api/v1/outbound_server/827/\", \"server\": \"10.11.12.13\", \"updated_at\": \"Mon, 18 Mar 2013 10:54:47 -0700\"}"
    http_version: 
  recorded_at: Mon, 18 Mar 2013 17:54:47 GMT
- request: 
    method: get
    uri: https://admin-dev.mailroute.net/api/v1/outbound_server/?domain=4554
    body: 
      string: ""
    headers: 
      Accept: 
      - application/json
      Accept-Encoding: 
      - identity
      Authorization: 
      - ApiKey blablablablabla@example.com:5f64xxxxxxxxxxxxxxxxxxxxxxxxxxxxxxxx8262
      User-Agent: 
      - Ruby
  response: 
    status: 
      code: 200
      message: OK
    headers: 
      Server: 
      - nginx/1.2.6
      Connection: 
      - keep-alive
      Vary: 
      - Accept, Cookie
      - Accept-Encoding
      Cache-Control: 
      - no-cache
      Content-Type: 
      - application/json; charset=utf-8
      Date: 
      - Mon, 18 Mar 2013 17:54:49 GMT
      Transfer-Encoding: 
      - chunked
    body: 
      string: "{\"meta\": {\"limit\": 20, \"next\": null, \"offset\": 0, \"previous\": null, \"total_count\": 2}, \"objects\": [{\"created_at\": \"Mon, 18 Mar 2013 10:54:45 -0700\", \"domain\": \"/api/v1/domain/4554/\", \"id\": 826, \"resource_uri\": \"/api/v1/outbound_server/826/\", \"server\": \"1.0.2.3\", \"updated_at\": \"Mon, 18 Mar 2013 10:54:45 -0700\"}, {\"created_at\": \"Mon, 18 Mar 2013 10:54:47 -0700\", \"domain\": \"/api/v1/domain/4554/\", \"id\": 827, \"resource_uri\": \"/api/v1/outbound_server/827/\", \"server\": \"10.11.12.13\", \"updated_at\": \"Mon, 18 Mar 2013 10:54:47 -0700\"}]}"
    http_version: 
  recorded_at: Mon, 18 Mar 2013 17:54:49 GMT
- request: 
    method: delete
    uri: https://admin-dev.mailroute.net/api/v1/outbound_server/826/
    body: 
      string: ""
    headers: 
      Accept: 
      - application/json
      Accept-Encoding: 
      - identity
      Authorization: 
      - ApiKey blablablablabla@example.com:5f64xxxxxxxxxxxxxxxxxxxxxxxxxxxxxxxx8262
      User-Agent: 
      - Ruby
  response: 
    status: 
      code: 204
      message: NO CONTENT
    headers: 
      Server: 
      - nginx/1.2.6
      Connection: 
      - keep-alive
      Vary: 
      - Accept, Cookie
      Content-Length: 
      - "0"
      Content-Type: 
      - text/html; charset=utf-8
      Date: 
      - Mon, 18 Mar 2013 17:54:50 GMT
    body: 
      string: ""
    http_version: 
  recorded_at: Mon, 18 Mar 2013 17:54:50 GMT
- request: 
    method: get
    uri: https://admin-dev.mailroute.net/api/v1/domain/4554/
    body: 
      string: ""
    headers: 
      Accept: 
      - application/json
      Accept-Encoding: 
      - identity
      Authorization: 
      - ApiKey blablablablabla@example.com:5f64xxxxxxxxxxxxxxxxxxxxxxxxxxxxxxxx8262
      User-Agent: 
      - Ruby
  response: 
    status: 
      code: 200
      message: OK
    headers: 
      Server: 
      - nginx/1.2.6
      Connection: 
      - keep-alive
      Vary: 
      - Accept, Cookie
      - Accept-Encoding
      Cache-Control: 
      - no-cache
      Content-Type: 
      - application/json; charset=utf-8
      Date: 
      - Mon, 18 Mar 2013 17:54:52 GMT
      Transfer-Encoding: 
      - chunked
    body: 
      string: "{\"absolute_url\": \"/domain/4554/\", \"active\": false, \"created_at\": \"Sun, 17 Mar 2013 08:14:41 -0700\", \"customer\": \"/api/v1/customer/1300/\", \"deliveryport\": 240, \"hold_email\": false, \"id\": 4554, \"name\": \"uberapp.example.com\", \"notification_task\": \"/api/v1/notification_domain_task/57796/\", \"outbound_enabled\": false, \"policy\": \"/api/v1/policy_domain/57863/\", \"resource_uri\": \"/api/v1/domain/4554/\", \"updated_at\": \"Mon, 18 Mar 2013 10:54:47 -0700\", \"userlist_complete\": true}"
    http_version: 
  recorded_at: Mon, 18 Mar 2013 17:54:52 GMT
- request: 
    method: get
    uri: https://admin-dev.mailroute.net/api/v1/outbound_server/?domain=4554
    body: 
      string: ""
    headers: 
      Accept: 
      - application/json
      Accept-Encoding: 
      - identity
      Authorization: 
      - ApiKey blablablablabla@example.com:5f64xxxxxxxxxxxxxxxxxxxxxxxxxxxxxxxx8262
      User-Agent: 
      - Ruby
  response: 
    status: 
      code: 200
      message: OK
    headers: 
      Server: 
      - nginx/1.2.6
      Connection: 
      - keep-alive
      Vary: 
      - Accept, Cookie
      - Accept-Encoding
      Cache-Control: 
      - no-cache
      Content-Type: 
      - application/json; charset=utf-8
      Date: 
      - Mon, 18 Mar 2013 17:54:53 GMT
      Transfer-Encoding: 
      - chunked
    body: 
      string: "{\"meta\": {\"limit\": 20, \"next\": null, \"offset\": 0, \"previous\": null, \"total_count\": 1}, \"objects\": [{\"created_at\": \"Mon, 18 Mar 2013 10:54:47 -0700\", \"domain\": \"/api/v1/domain/4554/\", \"id\": 827, \"resource_uri\": \"/api/v1/outbound_server/827/\", \"server\": \"10.11.12.13\", \"updated_at\": \"Mon, 18 Mar 2013 10:54:47 -0700\"}]}"
    http_version: 
  recorded_at: Mon, 18 Mar 2013 17:54:53 GMT
