--- 
recorded_with: VCR 2.4.0
http_interactions: 
- request: 
    method: get
    uri: https://admin-dev.mailroute.net/api/v1/domain/4555/
    body: 
      string: ""
    headers: 
      Accept: 
      - application/json
      Accept-Encoding: 
      - identity
      Authorization: 
      - ApiKey blablablablabla@example.com:5f64xxxxxxxxxxxxxxxxxxxxxxxxxxxxxxxx8262
      User-Agent: 
      - Ruby
  response: 
    status: 
      code: 200
      message: OK
    headers: 
      Server: 
      - nginx/1.2.6
      Connection: 
      - keep-alive
      Vary: 
      - Accept, Cookie
      - Accept-Encoding
      Cache-Control: 
      - no-cache
      Content-Type: 
      - application/json; charset=utf-8
      Date: 
      - Fri, 29 Mar 2013 18:45:46 GMT
      Transfer-Encoding: 
      - chunked
    body: 
      string: "{\"absolute_url\": \"/domain/4555/\", \"active\": true, \"created_at\": \"Thu, 21 Mar 2013 11:39:31 -0700\", \"customer\": \"/api/v1/customer/2341/\", \"deliveryport\": 25, \"hold_email\": false, \"id\": 4555, \"name\": \"apapap.example.com\", \"notification_task\": \"/api/v1/notification_domain_task/57818/\", \"outbound_enabled\": false, \"policy\": \"/api/v1/policy_domain/57885/\", \"resource_uri\": \"/api/v1/domain/4555/\", \"updated_at\": \"Sat, 23 Mar 2013 11:57:53 -0700\", \"userlist_complete\": false}"
    http_version: 
  recorded_at: Fri, 29 Mar 2013 18:45:46 GMT
- request: 
    method: post
    uri: https://admin-dev.mailroute.net/api/v1/contact_domain/
    body: 
      string: "{\"domain\":\"/api/v1/domain/4555/\",\"email\":\"haskell@example.com\"}"
    headers: 
      Accept: 
      - "*/*"
      Accept-Encoding: 
      - identity
      Content-Type: 
      - application/json
      Authorization: 
      - ApiKey blablablablabla@example.com:5f64xxxxxxxxxxxxxxxxxxxxxxxxxxxxxxxx8262
      User-Agent: 
      - Ruby
  response: 
    status: 
      code: 201
      message: CREATED
    headers: 
      Server: 
      - nginx/1.2.6
      Connection: 
      - keep-alive
      Vary: 
      - Accept, Cookie
      Content-Type: 
      - application/json; charset=utf-8
      Date: 
      - Fri, 29 Mar 2013 18:45:47 GMT
      Location: 
      - https://admin-dev.mailroute.net/api/v1/contact_domain/1662/
      Transfer-Encoding: 
      - chunked
    body: 
      string: "{\"absolute_url\": \"/contacts/domain/1662/\", \"address\": null, \"address2\": null, \"city\": \"\", \"country\": \"\", \"created_at\": \"Fri, 29 Mar 2013 11:45:47 -0700\", \"domain\": \"/api/v1/domain/4555/\", \"email\": \"haskell@example.com\", \"first_name\": \"\", \"id\": 1662, \"is_billing\": false, \"is_emergency\": false, \"is_technical\": false, \"last_name\": \"\", \"phone\": null, \"resource_uri\": \"/api/v1/contact_domain/1662/\", \"state\": \"\", \"updated_at\": \"Fri, 29 Mar 2013 11:45:47 -0700\", \"zipcode\": null}"
    http_version: 
  recorded_at: Fri, 29 Mar 2013 18:45:47 GMT
- request: 
    method: get
    uri: https://admin-dev.mailroute.net/api/v1/contact_domain/1662/
    body: 
      string: ""
    headers: 
      Accept: 
      - application/json
      Accept-Encoding: 
      - identity
      Authorization: 
      - ApiKey blablablablabla@example.com:5f64xxxxxxxxxxxxxxxxxxxxxxxxxxxxxxxx8262
      User-Agent: 
      - Ruby
  response: 
    status: 
      code: 200
      message: OK
    headers: 
      Server: 
      - nginx/1.2.6
      Connection: 
      - keep-alive
      Vary: 
      - Accept, Cookie
      - Accept-Encoding
      Cache-Control: 
      - no-cache
      Content-Type: 
      - application/json; charset=utf-8
      Date: 
      - Fri, 29 Mar 2013 18:45:48 GMT
      Transfer-Encoding: 
      - chunked
    body: 
      string: "{\"absolute_url\": \"/contacts/domain/1662/\", \"address\": null, \"address2\": null, \"city\": \"\", \"country\": \"\", \"created_at\": \"Fri, 29 Mar 2013 11:45:47 -0700\", \"domain\": \"/api/v1/domain/4555/\", \"email\": \"haskell@example.com\", \"first_name\": \"\", \"id\": 1662, \"is_billing\": false, \"is_emergency\": false, \"is_technical\": false, \"last_name\": \"\", \"phone\": null, \"resource_uri\": \"/api/v1/contact_domain/1662/\", \"state\": \"\", \"updated_at\": \"Fri, 29 Mar 2013 11:45:47 -0700\", \"zipcode\": null}"
    http_version: 
  recorded_at: Fri, 29 Mar 2013 18:45:48 GMT
- request: 
    method: put
    uri: https://admin-dev.mailroute.net/api/v1/contact_domain/1662/
    body: 
      string: "{\"absolute_url\":\"/contacts/domain/1662/\",\"address\":null,\"address2\":null,\"city\":\"Minsk\",\"country\":\"\",\"created_at\":\"Fri, 29 Mar 2013 11:45:47 -0700\",\"domain\":\"/api/v1/domain/4555/\",\"email\":\"haskell@example.com\",\"first_name\":\"\",\"id\":1662,\"is_billing\":false,\"is_emergency\":false,\"is_technical\":false,\"last_name\":\"\",\"phone\":null,\"resource_uri\":\"/api/v1/contact_domain/1662/\",\"state\":\"\",\"updated_at\":\"Fri, 29 Mar 2013 11:45:47 -0700\",\"zipcode\":null}"
    headers: 
      Accept: 
      - "*/*"
      Accept-Encoding: 
      - identity
      Content-Type: 
      - application/json
      Authorization: 
      - ApiKey blablablablabla@example.com:5f64xxxxxxxxxxxxxxxxxxxxxxxxxxxxxxxx8262
      User-Agent: 
      - Ruby
  response: 
    status: 
      code: 202
      message: ACCEPTED
    headers: 
      Server: 
      - nginx/1.2.6
      Connection: 
      - keep-alive
      Vary: 
      - Accept, Cookie
      Content-Type: 
      - application/json; charset=utf-8
      Date: 
      - Fri, 29 Mar 2013 18:45:50 GMT
      Transfer-Encoding: 
      - chunked
    body: 
      string: "{\"absolute_url\": \"/contacts/domain/1662/\", \"address\": null, \"address2\": null, \"city\": \"Minsk\", \"country\": \"\", \"created_at\": \"Fri, 29 Mar 2013 11:45:47 -0700\", \"domain\": \"/api/v1/domain/4555/\", \"email\": \"haskell@example.com\", \"first_name\": \"\", \"id\": 1662, \"is_billing\": false, \"is_emergency\": false, \"is_technical\": false, \"last_name\": \"\", \"phone\": null, \"pk\": \"1662\", \"resource_uri\": \"/api/v1/contact_domain/1662/\", \"state\": \"\", \"updated_at\": \"Fri, 29 Mar 2013 11:45:50 -0700\", \"zipcode\": null}"
    http_version: 
  recorded_at: Fri, 29 Mar 2013 18:45:50 GMT
- request: 
    method: get
    uri: https://admin-dev.mailroute.net/api/v1/domain/4555/
    body: 
      string: ""
    headers: 
      Accept: 
      - application/json
      Accept-Encoding: 
      - identity
      Authorization: 
      - ApiKey blablablablabla@example.com:5f64xxxxxxxxxxxxxxxxxxxxxxxxxxxxxxxx8262
      User-Agent: 
      - Ruby
  response: 
    status: 
      code: 200
      message: OK
    headers: 
      Server: 
      - nginx/1.2.6
      Connection: 
      - keep-alive
      Vary: 
      - Accept, Cookie
      - Accept-Encoding
      Cache-Control: 
      - no-cache
      Content-Type: 
      - application/json; charset=utf-8
      Date: 
      - Fri, 29 Mar 2013 18:45:51 GMT
      Transfer-Encoding: 
      - chunked
    body: 
      string: "{\"absolute_url\": \"/domain/4555/\", \"active\": true, \"created_at\": \"Thu, 21 Mar 2013 11:39:31 -0700\", \"customer\": \"/api/v1/customer/2341/\", \"deliveryport\": 25, \"hold_email\": false, \"id\": 4555, \"name\": \"apapap.example.com\", \"notification_task\": \"/api/v1/notification_domain_task/57818/\", \"outbound_enabled\": false, \"policy\": \"/api/v1/policy_domain/57885/\", \"resource_uri\": \"/api/v1/domain/4555/\", \"updated_at\": \"Fri, 29 Mar 2013 11:45:50 -0700\", \"userlist_complete\": false}"
    http_version: 
  recorded_at: Fri, 29 Mar 2013 18:45:51 GMT
- request: 
    method: get
    uri: https://admin-dev.mailroute.net/api/v1/contact_domain/1662/
    body: 
      string: ""
    headers: 
      Accept: 
      - application/json
      Accept-Encoding: 
      - identity
      Authorization: 
      - ApiKey blablablablabla@example.com:5f64xxxxxxxxxxxxxxxxxxxxxxxxxxxxxxxx8262
      User-Agent: 
      - Ruby
  response: 
    status: 
      code: 200
      message: OK
    headers: 
      Server: 
      - nginx/1.2.6
      Connection: 
      - keep-alive
      Vary: 
      - Accept, Cookie
      - Accept-Encoding
      Cache-Control: 
      - no-cache
      Content-Type: 
      - application/json; charset=utf-8
      Date: 
      - Fri, 29 Mar 2013 18:45:52 GMT
      Transfer-Encoding: 
      - chunked
    body: 
      string: "{\"absolute_url\": \"/contacts/domain/1662/\", \"address\": null, \"address2\": null, \"city\": \"Minsk\", \"country\": \"\", \"created_at\": \"Fri, 29 Mar 2013 11:45:47 -0700\", \"domain\": \"/api/v1/domain/4555/\", \"email\": \"haskell@example.com\", \"first_name\": \"\", \"id\": 1662, \"is_billing\": false, \"is_emergency\": false, \"is_technical\": false, \"last_name\": \"\", \"phone\": null, \"resource_uri\": \"/api/v1/contact_domain/1662/\", \"state\": \"\", \"updated_at\": \"Fri, 29 Mar 2013 11:45:50 -0700\", \"zipcode\": null}"
    http_version: 
  recorded_at: Fri, 29 Mar 2013 18:45:52 GMT
- request: 
    method: delete
    uri: https://admin-dev.mailroute.net/api/v1/contact_domain/1662/
    body: 
      string: ""
    headers: 
      Accept: 
      - application/json
      Accept-Encoding: 
      - identity
      Authorization: 
      - ApiKey blablablablabla@example.com:5f64xxxxxxxxxxxxxxxxxxxxxxxxxxxxxxxx8262
      User-Agent: 
      - Ruby
  response: 
    status: 
      code: 204
      message: NO CONTENT
    headers: 
      Server: 
      - nginx/1.2.6
      Connection: 
      - keep-alive
      Vary: 
      - Accept, Cookie
      Content-Length: 
      - "0"
      Content-Type: 
      - text/html; charset=utf-8
      Date: 
      - Fri, 29 Mar 2013 18:45:53 GMT
    body: 
      string: ""
    http_version: 
  recorded_at: Fri, 29 Mar 2013 18:45:53 GMT
- request: 
    method: get
    uri: https://admin-dev.mailroute.net/api/v1/contact_domain/1662/
    body: 
      string: ""
    headers: 
      Accept: 
      - application/json
      Accept-Encoding: 
      - identity
      Authorization: 
      - ApiKey blablablablabla@example.com:5f64xxxxxxxxxxxxxxxxxxxxxxxxxxxxxxxx8262
      User-Agent: 
      - Ruby
  response: 
    status: 
      code: 404
      message: NOT FOUND
    headers: 
      Server: 
      - nginx/1.2.6
      Connection: 
      - keep-alive
      Vary: 
      - Accept, Cookie
      - Accept-Encoding
      Content-Type: 
      - text/html; charset=utf-8
      Date: 
      - Fri, 29 Mar 2013 18:45:54 GMT
      Transfer-Encoding: 
      - chunked
    body: 
      string: ""
    http_version: 
  recorded_at: Fri, 29 Mar 2013 18:45:54 GMT
- request: 
    method: get
    uri: https://admin-dev.mailroute.net/api/v1/contact_domain/?domain=4555
    body: 
      string: ""
    headers: 
      Accept: 
      - application/json
      Accept-Encoding: 
      - identity
      Authorization: 
      - ApiKey blablablablabla@example.com:5f64xxxxxxxxxxxxxxxxxxxxxxxxxxxxxxxx8262
      User-Agent: 
      - Ruby
  response: 
    status: 
      code: 200
      message: OK
    headers: 
      Server: 
      - nginx/1.2.6
      Connection: 
      - keep-alive
      Vary: 
      - Accept, Cookie
      - Accept-Encoding
      Cache-Control: 
      - no-cache
      Content-Type: 
      - application/json; charset=utf-8
      Date: 
      - Fri, 29 Mar 2013 18:45:55 GMT
      Transfer-Encoding: 
      - chunked
    body: 
      string: "{\"meta\": {\"limit\": 20, \"next\": null, \"offset\": 0, \"previous\": null, \"total_count\": 0}, \"objects\": []}"
    http_version: 
  recorded_at: Fri, 29 Mar 2013 18:45:55 GMT
